[    0.000000] Initializing cgroup subsys cpuset
[    0.000000] Initializing cgroup subsys cpu
[    0.000000] Initializing cgroup subsys cpuacct
[    0.000000] Linux version 4.4.0-193-generic (buildd@lgw01-amd64-024) (gcc version 5.4.0 20160609 (Ubuntu 5.4.0-6ubuntu1~16.04.12) ) #224-Ubuntu SMP Tue Oct 6 17:15:28 UTC 2020 (Ubuntu 4.4.0-193.224-generic 4.4.236)
[    0.000000] Command line: BOOT_IMAGE=/boot/vmlinuz-4.4.0-193-generic root=UUID=26f26956-87ff-4306-8991-c08fa831e470 ro console=tty1 console=ttyS0
[    0.000000] KERNEL supported cpus:
[    0.000000]   Intel GenuineIntel
[    0.000000]   AMD AuthenticAMD
[    0.000000]   Centaur CentaurHauls
[    0.000000] x86/fpu: xstate_offset[2]:  576, xstate_sizes[2]:  256
[    0.000000] x86/fpu: Supporting XSAVE feature 0x01: 'x87 floating point registers'
[    0.000000] x86/fpu: Supporting XSAVE feature 0x02: 'SSE registers'
[    0.000000] x86/fpu: Supporting XSAVE feature 0x04: 'AVX registers'
[    0.000000] x86/fpu: Enabled xstate features 0x7, context size is 832 bytes, using 'standard' format.
[    0.000000] e820: BIOS-provided physical RAM map:
[    0.000000] BIOS-e820: [mem 0x0000000000000000-0x000000000009fbff] usable
[    0.000000] BIOS-e820: [mem 0x000000000009fc00-0x000000000009ffff] reserved
[    0.000000] BIOS-e820: [mem 0x00000000000f0000-0x00000000000fffff] reserved
[    0.000000] BIOS-e820: [mem 0x0000000000100000-0x000000003ffeffff] usable
[    0.000000] BIOS-e820: [mem 0x000000003fff0000-0x000000003fffffff] ACPI data
[    0.000000] BIOS-e820: [mem 0x00000000fec00000-0x00000000fec00fff] reserved
[    0.000000] BIOS-e820: [mem 0x00000000fee00000-0x00000000fee00fff] reserved
[    0.000000] BIOS-e820: [mem 0x00000000fffc0000-0x00000000ffffffff] reserved
[    0.000000] NX (Execute Disable) protection: active
[    0.000000] SMBIOS 2.5 present.
[    0.000000] Hypervisor detected: KVM
[    0.000000] Kernel/User page tables isolation: disabled
[    0.000000] e820: last_pfn = 0x3fff0 max_arch_pfn = 0x400000000
[    0.000000] MTRR: Disabled
[    0.000000] x86/PAT: MTRRs disabled, skipping PAT initialization too.
[    0.000000] CPU MTRRs all blank - virtualized system.
[    0.000000] x86/PAT: Configuration [0-7]: WB  WT  UC- UC  WB  WT  UC- UC  
[    0.000000] found SMP MP-table at [mem 0x0009fff0-0x0009ffff] mapped at [ffff88000009fff0]
[    0.000000] Scanning 1 areas for low memory corruption
[    0.000000] RAMDISK: [mem 0x361c8000-0x370dbfff]
[    0.000000] ACPI: Early table checksum verification disabled
[    0.000000] ACPI: RSDP 0x00000000000E0000 000024 (v02 VBOX  )
[    0.000000] ACPI: XSDT 0x000000003FFF0030 00003C (v01 VBOX   VBOXXSDT 00000001 ASL  00000061)
[    0.000000] ACPI: FACP 0x000000003FFF00F0 0000F4 (v04 VBOX   VBOXFACP 00000001 ASL  00000061)
[    0.000000] ACPI: DSDT 0x000000003FFF0470 002325 (v02 VBOX   VBOXBIOS 00000002 INTL 20100528)
[    0.000000] ACPI: FACS 0x000000003FFF0200 000040
[    0.000000] ACPI: FACS 0x000000003FFF0200 000040
[    0.000000] ACPI: APIC 0x000000003FFF0240 00005C (v02 VBOX   VBOXAPIC 00000001 ASL  00000061)
[    0.000000] ACPI: SSDT 0x000000003FFF02A0 0001CC (v01 VBOX   VBOXCPUT 00000002 INTL 20100528)
[    0.000000] No NUMA configuration found
[    0.000000] Faking a node at [mem 0x0000000000000000-0x000000003ffeffff]
[    0.000000] NODE_DATA(0) allocated [mem 0x3ffeb000-0x3ffeffff]
[    0.000000] kvm-clock: Using msrs 4b564d01 and 4b564d00
[    0.000000] kvm-clock: cpu 0, msr 0:3ffe3001, primary cpu clock
[    0.000000] kvm-clock: using sched offset of 4826320784 cycles
[    0.000000] clocksource: kvm-clock: mask: 0xffffffffffffffff max_cycles: 0x1cd42e4dffb, max_idle_ns: 881590591483 ns
[    0.000000] Zone ranges:
[    0.000000]   DMA      [mem 0x0000000000001000-0x0000000000ffffff]
[    0.000000]   DMA32    [mem 0x0000000001000000-0x000000003ffeffff]
[    0.000000]   Normal   empty
[    0.000000]   Device   empty
[    0.000000] Movable zone start for each node
[    0.000000] Early memory node ranges
[    0.000000]   node   0: [mem 0x0000000000001000-0x000000000009efff]
[    0.000000]   node   0: [mem 0x0000000000100000-0x000000003ffeffff]
[    0.000000] Initmem setup node 0 [mem 0x0000000000001000-0x000000003ffeffff]
[    0.000000] ACPI: PM-Timer IO Port: 0x4008
[    0.000000] IOAPIC[0]: apic_id 2, version 32, address 0xfec00000, GSI 0-23
[    0.000000] ACPI: INT_SRC_OVR (bus 0 bus_irq 0 global_irq 2 dfl dfl)
[    0.000000] ACPI: INT_SRC_OVR (bus 0 bus_irq 9 global_irq 9 low level)
[    0.000000] Using ACPI (MADT) for SMP configuration information
[    0.000000] smpboot: Allowing 2 CPUs, 0 hotplug CPUs
[    0.000000] PM: Registered nosave memory: [mem 0x00000000-0x00000fff]
[    0.000000] PM: Registered nosave memory: [mem 0x0009f000-0x0009ffff]
[    0.000000] PM: Registered nosave memory: [mem 0x000a0000-0x000effff]
[    0.000000] PM: Registered nosave memory: [mem 0x000f0000-0x000fffff]
[    0.000000] e820: [mem 0x40000000-0xfebfffff] available for PCI devices
[    0.000000] Booting paravirtualized kernel on KVM
[    0.000000] clocksource: refined-jiffies: mask: 0xffffffff max_cycles: 0xffffffff, max_idle_ns: 7645519600211568 ns
[    0.000000] setup_percpu: NR_CPUS:512 nr_cpumask_bits:512 nr_cpu_ids:2 nr_node_ids:1
[    0.000000] PERCPU: Embedded 33 pages/cpu @ffff88003fc00000 s95512 r8192 d31464 u1048576
[    0.000000] Built 1 zonelists in Node order, mobility grouping on.  Total pages: 257912
[    0.000000] Policy zone: DMA32
[    0.000000] Kernel command line: BOOT_IMAGE=/boot/vmlinuz-4.4.0-193-generic root=UUID=26f26956-87ff-4306-8991-c08fa831e470 ro console=tty1 console=ttyS0
[    0.000000] PID hash table entries: 4096 (order: 3, 32768 bytes)
[    0.000000] Memory: 997104K/1048120K available (8640K kernel code, 1337K rwdata, 4040K rodata, 1492K init, 1296K bss, 51016K reserved, 0K cma-reserved)
[    0.000000] SLUB: HWalign=64, Order=0-3, MinObjects=0, CPUs=2, Nodes=1
[    0.000000] Hierarchical RCU implementation.
[    0.000000] 	Build-time adjustment of leaf fanout to 64.
[    0.000000] 	RCU restricting CPUs from NR_CPUS=512 to nr_cpu_ids=2.
[    0.000000] RCU: Adjusting geometry for rcu_fanout_leaf=64, nr_cpu_ids=2
[    0.000000] NR_IRQS:33024 nr_irqs:440 16
[    0.000000] Console: colour VGA+ 80x25
[    0.000000] console [tty1] enabled
[    0.000000] console [ttyS0] enabled
[    0.000000] tsc: Detected 1799.999 MHz processor
[    0.168784] Calibrating delay loop (skipped) preset value.. 3599.99 BogoMIPS (lpj=7199996)
[    0.170814] pid_max: default: 32768 minimum: 301
[    0.171888] ACPI: Core revision 20150930
[    0.174582] ACPI: 2 ACPI AML tables successfully acquired and loaded
[    0.176346] Security Framework initialized
[    0.177446] Yama: becoming mindful.
[    0.178331] AppArmor: AppArmor initialized
[    0.179412] Dentry cache hash table entries: 131072 (order: 8, 1048576 bytes)
[    0.181139] Inode-cache hash table entries: 65536 (order: 7, 524288 bytes)
[    0.185300] Mount-cache hash table entries: 2048 (order: 2, 16384 bytes)
[    0.186674] Mountpoint-cache hash table entries: 2048 (order: 2, 16384 bytes)
[    0.188271] Initializing cgroup subsys io
[    0.189227] Initializing cgroup subsys memory
[    0.190325] Initializing cgroup subsys devices
[    0.191579] Initializing cgroup subsys freezer
[    0.192620] Initializing cgroup subsys net_cls
[    0.193634] Initializing cgroup subsys perf_event
[    0.194697] Initializing cgroup subsys net_prio
[    0.195726] Initializing cgroup subsys hugetlb
[    0.196749] Initializing cgroup subsys pids
[    0.199385] mce: CPU supports 0 MCE banks
[    0.200391] Last level iTLB entries: 4KB 64, 2MB 8, 4MB 8
[    0.201510] Last level dTLB entries: 4KB 64, 2MB 0, 4MB 0, 1GB 4
[    0.202755] Spectre V1 : Mitigation: usercopy/swapgs barriers and __user pointer sanitization
[    0.204798] Spectre V2 : Mitigation: Full generic retpoline
[    0.205997] Spectre V2 : Spectre v2 / SpectreRSB mitigation: Filling RSB on context switch
[    0.207886] Speculative Store Bypass: Vulnerable
[    0.208958] SRBDS: Unknown: Dependent on hypervisor status
[    0.210325] MDS: Mitigation: Clear CPU buffers
[    0.214377] Freeing SMP alternatives memory: 36K
[    0.222223] ftrace: allocating 32346 entries in 127 pages
[    0.284361] smpboot: APIC(0) Converting physical 0 to logical package 0
[    0.285782] smpboot: Max logical packages: 1
[    0.287149] x2apic enabled
[    0.288246] Switched APIC routing to physical x2apic.
[    0.290830] ..TIMER: vector=0x30 apic1=0 pin1=2 apic2=-1 pin2=-1
[    0.400467] smpboot: CPU0: Intel(R) Core(TM) i5-8265U CPU @ 1.60GHz (family: 0x6, model: 0x8e, stepping: 0xb)
[    0.403132] Performance Events: unsupported p6 CPU model 142 no PMU driver, software events only.
[    0.414986] KVM setup paravirtual spinlock
[    0.416675] x86: Booting SMP configuration:
[    0.417705] .... node  #0, CPUs:      #1
[    0.418854] kvm-clock: cpu 1, msr 0:3ffe3041, secondary cpu clock
[    0.421518] mce: CPU supports 0 MCE banks
[    0.424116] x86: Booted up 1 node, 2 CPUs
[    0.425357] smpboot: Total of 2 processors activated (7199.99 BogoMIPS)
[    0.427302] devtmpfs: initialized
[    0.429271] evm: security.selinux
[    0.430229] evm: security.SMACK64
[    0.431149] evm: security.SMACK64EXEC
[    0.432133] evm: security.SMACK64TRANSMUTE
[    0.433126] evm: security.SMACK64MMAP
[    0.434113] evm: security.ima
[    0.434924] evm: security.capability
[    0.436013] clocksource: jiffies: mask: 0xffffffff max_cycles: 0xffffffff, max_idle_ns: 7645041785100000 ns
[    0.438192] futex hash table entries: 512 (order: 3, 32768 bytes)
[    0.440154] pinctrl core: initialized pinctrl subsystem
[    0.441766] RTC time:  3:11:48, date: 10/29/20
[    0.445535] NET: Registered protocol family 16
[    0.457600] cpuidle: using governor ladder
[    0.469510] cpuidle: using governor menu
[    0.472273] PCCT header not found.
[    0.474590] ACPI: bus type PCI registered
[    0.476934] acpiphp: ACPI Hot Plug PCI Controller Driver version: 0.5
[    0.479679] PCI: Using configuration type 1 for base access
[    0.495398] ACPI: Added _OSI(Module Device)
[    0.498195] ACPI: Added _OSI(Processor Device)
[    0.500845] ACPI: Added _OSI(3.0 _SCP Extensions)
[    0.502955] ACPI: Added _OSI(Processor Aggregator Device)
[    0.506654] ACPI: Executed 1 blocks of module-level executable AML code
[    0.512447] ACPI: Interpreter enabled
[    0.513671] ACPI: (supports S0 S5)
[    0.515405] ACPI: Using IOAPIC for interrupt routing
[    0.517247] PCI: Using host bridge windows from ACPI; if necessary, use "pci=nocrs" and report a bug
[    0.523729] ACPI: PCI Root Bridge [PCI0] (domain 0000 [bus 00-ff])
[    0.525237] acpi PNP0A03:00: _OSC: OS supports [ASPM ClockPM Segments MSI]
[    0.527089] acpi PNP0A03:00: _OSC: not requesting OS control; OS requires [ExtendedConfig ASPM ClockPM MSI]
[    0.529403] acpi PNP0A03:00: fail to add MMCONFIG information, can't access extended PCI configuration space under this bridge.
[    0.532027] PCI host bridge to bus 0000:00
[    0.533019] pci_bus 0000:00: root bus resource [io  0x0000-0x0cf7 window]
[    0.534411] pci_bus 0000:00: root bus resource [io  0x0d00-0xffff window]
[    0.535758] pci_bus 0000:00: root bus resource [mem 0x000a0000-0x000bffff window]
[    0.537637] pci_bus 0000:00: root bus resource [mem 0x40000000-0xfdffffff window]
[    0.539503] pci_bus 0000:00: root bus resource [bus 00-ff]
[    0.542426] pci 0000:00:01.1: legacy IDE quirk: reg 0x10: [io  0x01f0-0x01f7]
[    0.543856] pci 0000:00:01.1: legacy IDE quirk: reg 0x14: [io  0x03f6]
[    0.545271] pci 0000:00:01.1: legacy IDE quirk: reg 0x18: [io  0x0170-0x0177]
[    0.559104] pci 0000:00:01.1: legacy IDE quirk: reg 0x1c: [io  0x0376]
[    0.572997] pci 0000:00:07.0: quirk: [io  0x4000-0x403f] claimed by PIIX4 ACPI
[    0.574758] pci 0000:00:07.0: quirk: [io  0x4100-0x410f] claimed by PIIX4 SMB
[    0.580571] ACPI: PCI Interrupt Link [LNKA] (IRQs 5 9 10 *11)
[    0.582774] ACPI: PCI Interrupt Link [LNKB] (IRQs 5 9 *10 11)
[    0.584793] ACPI: PCI Interrupt Link [LNKC] (IRQs 5 *9 10 11)
[    0.586790] ACPI: PCI Interrupt Link [LNKD] (IRQs 5 9 10 *11)
[    0.588895] ACPI: Enabled 2 GPEs in block 00 to 07
[    0.590610] vgaarb: setting as boot device: PCI:0000:00:02.0
[    0.591952] vgaarb: device added: PCI:0000:00:02.0,decodes=io+mem,owns=io+mem,locks=none
[    0.593867] vgaarb: loaded
[    0.594646] vgaarb: bridge control possible 0000:00:02.0
[    0.596202] SCSI subsystem initialized
[    0.597301] ACPI: bus type USB registered
[    0.598310] usbcore: registered new interface driver usbfs
[    0.599676] usbcore: registered new interface driver hub
[    0.600930] usbcore: registered new device driver usb
[    0.602345] PCI: Using ACPI for IRQ routing
[    0.603733] NetLabel: Initializing
[    0.604611] NetLabel:  domain hash size = 128
[    0.605626] NetLabel:  protocols = UNLABELED CIPSOv4
[    0.606826] NetLabel:  unlabeled traffic allowed by default
[    0.608334] amd_nb: Cannot enumerate AMD northbridges
[    0.609548] clocksource: Switched to clocksource kvm-clock
[    0.621670] AppArmor: AppArmor Filesystem Enabled
[    0.622890] pnp: PnP ACPI init
[    0.624592] pnp: PnP ACPI: found 3 devices
[    0.634923] clocksource: acpi_pm: mask: 0xffffff max_cycles: 0xffffff, max_idle_ns: 2085701024 ns
[    0.636905] NET: Registered protocol family 2
[    0.638087] TCP established hash table entries: 8192 (order: 4, 65536 bytes)
[    0.639584] TCP bind hash table entries: 8192 (order: 5, 131072 bytes)
[    0.641029] TCP: Hash tables configured (established 8192 bind 8192)
[    0.645046] UDP hash table entries: 512 (order: 2, 16384 bytes)
[    0.646419] UDP-Lite hash table entries: 512 (order: 2, 16384 bytes)
[    0.647766] NET: Registered protocol family 1
[    0.648792] pci 0000:00:00.0: Limiting direct PCI/PCI transfers
[    0.650137] pci 0000:00:01.0: Activating ISA DMA hang workarounds
[    0.651568] Unpacking initramfs...
[    0.888972] Freeing initrd memory: 15440K
[    0.890425] clocksource: tsc: mask: 0xffffffffffffffff max_cycles: 0x19f228ab7a2, max_idle_ns: 440795289252 ns
[    0.892638] platform rtc_cmos: registered platform RTC device (no PNP device found)
[    0.894552] Scanning for low memory corruption every 60 seconds
[    0.896375] audit: initializing netlink subsys (disabled)
[    0.897617] audit: type=2000 audit(1603941115.201:1): initialized
[    0.899139] Initialise system trusted keyring
[    0.900454] HugeTLB registered 2 MB page size, pre-allocated 0 pages
[    0.903086] zbud: loaded
[    0.904241] VFS: Disk quotas dquot_6.6.0
[    0.905281] VFS: Dquot-cache hash table entries: 512 (order 0, 4096 bytes)
[    0.907020] squashfs: version 4.0 (2009/01/31) Phillip Lougher
[    0.908523] fuse init (API version 7.23)
[    0.909693] Key type big_key registered
[    0.910651] Allocating IMA MOK and blacklist keyrings.
[    0.914708] Key type asymmetric registered
[    0.915707] Asymmetric key parser 'x509' registered
[    0.916859] Block layer SCSI generic (bsg) driver version 0.4 loaded (major 249)
[    0.918800] io scheduler noop registered
[    0.919867] io scheduler deadline registered (default)
[    0.921025] io scheduler cfq registered
[    0.922063] pci_hotplug: PCI Hot Plug PCI Core version: 0.5
[    0.923336] pciehp: PCI Express Hot Plug Controller Driver version: 0.4
[    0.924832] ACPI: AC Adapter [AC] (on-line)
[    0.925980] input: Power Button as /devices/LNXSYSTM:00/LNXPWRBN:00/input/input0
[    0.927736] ACPI: Power Button [PWRF]
[    0.928842] input: Sleep Button as /devices/LNXSYSTM:00/LNXSLPBN:00/input/input1
[    0.931622] ACPI: Sleep Button [SLPF]
[    0.933550] ACPI: Battery Slot [BAT0] (battery present)
[    0.935704] GHES: HEST is not enabled!
[    0.937027] Serial: 8250/16550 driver, 32 ports, IRQ sharing enabled
[    0.958942] 00:02: ttyS0 at I/O 0x3f8 (irq = 4, base_baud = 115200) is a 16550A
[    0.961666] Linux agpgart interface v0.103
[    0.964635] loop: module loaded
[    0.966252] scsi host0: ata_piix
[    0.967442] scsi host1: ata_piix
[    0.968327] ata1: PATA max UDMA/33 cmd 0x1f0 ctl 0x3f6 bmdma 0xd000 irq 14
[    0.969744] ata2: PATA mmdma 0xd008 irq 15
[    1.797859] libphy: Fixed MDIO Bus: probed
[    1.798987] tun: Universal TUN/TAP device driver, 1.6
[    1.800161] tun: (C) 1999-2004 Max Krasnyansky <maxk@qualcomm.com>
[    1.801860] PPP generic driver version 2.4.2
[    1.802977] ehci_hcd: USB 2.0 'Enhanced' Host Controller (EHCI) Driver
[    1.804407] ehci-pci: EHCI PCI platform driver
[    1.805596] ehci-platform: EHCI generic platform driver
[    1.807038] ohci_hcd: USB 1.1 'Open' Host Controller (OHCI) Driver
[    1.808555] ohci-pci: OHCI PCI platform driver
[    1.809709] ohci-platform: OHCI generic platform driver
[    1.810982] uhci_hcd: USB Universal Host Controller Interface driver
[    1.812419] i8042: PNP: PS/2 Controller [PNP0303:PS2K,PNP0f03:PS2M] at 0x60,0x64 irq 1,12
[    1.814705] serio: i8042 KBD port at 0x60,0x64 irq 1
[    1.815810] serio: i8042 AUX port at 0x60,0x64 irq 12
[    1.816974] mousedev: PS/2 mouse device common for all mice
[    1.818800] input: AT Translated Set 2 keyboard as /devices/platform/i8042/serio0/input/input2
[    1.820693] rtc_cmos rtc_cmos: rtc core: registered rtc_cmos as rtc0
[    1.822126] rtc_cmos rtc_cmos: alarms up to one day, 114 bytes nvram
[    1.823400] i2c /dev entries driver
[    1.824319] device-mapper: uevent: version 1.0.3
[    1.825401] device-mapper: ioctl: 4.34.0-ioctl (2015-10-28) initialised: dm-devel@redhat.com
[    1.827280] ledtrig-cpu: registered to indicate activity on CPUs
[    1.828968] NET: Registered protocol family 10
[    1.830246] NET: Registered protocol family 17
[    1.831235] Key type dns_resolver registered
[    1.832402] registered taskstats version 1
[    1.833337] Loading compiled-in X.509 certificates
[    1.834914] Loaded X.509 cert 'Build time autogenerated kernel key: 399ad61e9457a71f6b31060684c17f14836880c9'
[    1.837855] zswap: loaded using pool lzo/zbud
[    1.840967] Key type trusted registered
[    1.844889] Key type encrypted registered
[    1.846018] AppArmor: AppArmor sha1 policy hashing enabled
[   1.847568] ima: No TPM chip found, activating TPM-bypass!
[    1.882165] ima: Allocated hash algorithm: sha1
[    1.883243] evm: HMAC attrs: 0x1
[    1.884417]   Magic number: 8:137:160
[    1.885442] vc vcs1: hash matches
[    1.886560] rtc_cmos rtc_cmos: setting system clock to 2020-10-29 03:11:49 UTC (1603941109)
[    1.888660] BIOS EDD facility v0.16 2004-Jun-25, 0 devices found
[    1.889947] EDD information not available.
[    2.172065] Freeing unused kernel memory: 1492K
[    2.173620] Write protecting the kernel read-only data: 14336k
[    2.176110] Freeing unused kernel memory: 1588K
[    2.177416] Freeing unused kernel memory: 56K
Loading, please wait...
starting version 229
[    2.193034] random: systemd-udevd: uninitialized urandom read (16 bytes read, 3 bits of entropy available)
[    2.193585] random: udevadm: uninitialized urandom read (16 bytes read, 3 bits of entropy available)
[    2.193603] random: udevadm: uninitialized urandom read (16 bytes read, 3 bits of entropy available)
[    2.199375] random: systemd-udevd: uninitialized urandom read (16 bytes read, 3 bits of entropy available)
[    2.201034] random: udevadm: uninitialized urandom read (16 bytes read, 3 bits of entropy available)
[    2.201068] random: udevadm: uninitialized urandom read (16 bytes read, 3 bits of entropy available)
[    2.201183] random: udevadm: uninitialized urandom read (16 bytes read, 3 bits of entropy available)
[    2.201227] random: udevadm: uninitialized urandom read (16 bytes read, 3 bits of entropy available)
[    2.201269] random: udevadm: uninitialized urandom read (16 bytes read, 3 bits of entropy available)
[    2.201311] random: udevadm: uninitialized urandom read (16 bytes read, 3 bits of entropy available)
[    2.240195] Fusion MPT base driver 3.04.20
[    2.241217] Copyright (c) 1999-2008 LSI Corporation
[    2.242835] e1000: Intel(R) PRO/1000 Network Driver - version 7.3.21-k8-NAPI
[    2.244259] e1000: Copyright (c) 1999-2006 Intel Corporation.
[    2.254291] Fusion MPT SPI Host driver 3.04.20
[    2.262223] AVX2 version of gcm_enc/dec engaged.
[    2.263297] AES CTR mode by8 optimization enabled
[    2.455099] input: ImExPS/2 Generic Explorer Mouse as /devices/platform/i8042/serio1/input/input4
[    2.622470] e1000 0000:00:03.0 eth0: (PCI:33MHz:32-bit) 02:83:3c:85:18:ff
[    2.624235] e1000 0000:00:03.0 eth0: Intel(R) PRO/1000 Network Connection
[    2.626593] mptbase: ioc0: Initiating bringup
[    2.628118] e1000 0000:00:03.0 enp0s3: renamed from eth0
[    2.690110] ioc0: LSI53C1030 A0: Capabilities={Initiator}
[    2.851858] scsi host2: ioc0: LSI53C1030 A0, FwRev=00000000h, Ports=1, MaxQ=256, IRQ=20
[    2.962616] scsi 2:0:0:0: Direct-Access     VBOX     HARDDISK         1.0  PQ: 0 ANSI: 5
[    2.964623] scsi target2:0:0: Beginning Domain Validation
[    2.969356] scsi target2:0:0: Domain Validation skipping write tests
[    2.970908] scsi target2:0:0: Ending Domain Validation
[    2.972254] scsi target2:0:0: asynchronous
[    2.974336] scsi 2:0:1:0: Direct-Access     VBOX     HARDDISK         1.0  PQ: 0 ANSI: 5
[    2.976118] scsi target2:0:1: Beginning Domain Validation
[    2.979910] scsi target2:0:1: Domain Validation skipping write tests
[    2.993410] scsi target2:0:1: Ending Domain Validation
[    2.994890] scsi target2:0:1: asynchronous
[    3.004163] sd 2:0:0:0: [sda] 20971520 512-byte logical blocks: (10.7 GB/10.0 GiB)
[    3.004166] sd 2:0:0:0: Attached scsi generic sg0 type 0
[    3.004581] sd 2:0:1:0: Attached scsi generic sg1 type 0
[    3.008554] sd 2:0:1:0: [sdb] 20480 512-byte logical blocks: (10.5 MB/10.0 MiB)
[    3.008803] sd 2:0:0:0: [sda] Write Protect is off
[    3.008918] sd 2:0:0:0: [sda] Incomplete mode parameter data
[    3.008920] sd 2:0:0:0: [sda] Assuming drive cache: write through
[    3.015538] sd 2:0:1:0: [sdb] Write Protect is off
[    3.017167] sd 2:0:1:0: [sdb] Incomplete mode parameter data
[    3.018577] sd 2:0:1:0: [sdb] Assuming drive cache: write through
[    3.156781]  sda: sda1
[    3.163458] sd 2:0:0:0: [sda] Attached SCSI disk
[    3.167632] sd 2:0:1:0: [sdb] Attached SCSI disk
Begin: Loading essential drivers ... [    4.659450] md: linear personality registered for level -1
[    4.662866] md: multipath personality registered for level -4
[    4.666170] md: raid0 personality registered for level 0
[    4.670776] md: raid1 personality registered for level 1
[    4.741610] raid6: sse2x1   gen() 12854 MB/s
[    4.809628] raid6: sse2x1   xor()  9460 MB/s
[    4.877829] raid6: sse2x2   gen() 15666 MB/s
[    4.945648] raid6: sse2x2   xor() 10871 MB/s
[    5.013936] raid6: sse2x4   gen() 16695 MB/s
[    5.082284] raid6: sse2x4   xor() 11026 MB/s
[    5.149615] raid6: avx2x1   gen() 25209 MB/s
[    5.217941] raid6: avx2x2   gen() 28763 MB/s
[    5.285794] raid6: avx2x4   gen() 28970 MB/s
[    5.286928] raid6: using algorithm avx2x4 gen() 28970 MB/s
[    5.288237] raid6: using avx2x2 recovery algorithm
[    5.290710] xor: automatically using best checksumming function:
[    5.330152]    avx       : 30521.000 MB/sec
[    5.332351] async_tx: api initialized (async)
[    5.344236] md: raid6 personality registered for level 6
[    5.345404] md: raid5 personality registered for level 5
[    5.346594] md: raid4 personality registered for level 4
[    5.353790] md: raid10 personality registered for level 10
done.
Begin: Running /scripts/init-premount ... done.
Begin: Mounting root file system ... Begin: Running /scripts/local-top ... done.
Begin: Running /scripts/local-premount ... [    5.384257] Btrfs loaded
Scanning for Btrfs filesystems
done.
Warning: fsck not present, so skipping root file system
[    5.550709] EXT4-fs (sda1): mounted filesystem with ordered data mode. Opts: (null)
done.
Begin: Running /scripts/local-bottom ... done.
Begin: Running /scripts/init-bottom ... done.
[    6.585750] random: nonblocking pool is initialized
[    7.073694] systemd[1]: systemd 229 running in system mode. (+PAM +AUDIT +SELINUX +IMA +APPARMOR +SMACK +SYSVINIT +UTMP +LIBCRYPTSETUP +GCRYPT +GNUTLS +ACL +XZ -LZ4 +SECCOMP +BLKID +ELFUTILS +KMOD -IDN)
[    7.077389] systemd[1]: Detected virtualization oracle.
[    7.078616] systemd[1]: Detected architecture x86-64.

Welcome to [1mUbuntu 16.04.7 LTS[0m!

[    7.187768] systemd[1]: Set hostname to <ubuntu-xenial>.
[    8.689639] systemd[1]: Created slice System Slice.
[[0;32m  OK  [0m] Created slice System Slice.
[    8.889262] systemd[1]: Listening on LVM2 metadata daemon socket.
[[0;32m  OK  [0m] Listening on LVM2 metadata daemon socket.
[    8.893182] systemd[1]: Listening on Journal Audit Socket.
[[0;32m  OK  [0m] Listening on Journal Audit Socket.
[    8.895251] systemd[1]: Reached target Encrypted Volumes.
[[0;32m  OK  [0m] Reached target Encrypted Volumes.
[    8.897668] systemd[1]: Listening on /dev/initctl Compatibility Named Pipe.
[[0;32m  OK  [0m] Listening on /dev/initctl Compatibility Named Pipe.
[    8.900044] systemd[1]: Listening on udev Control Socket.
[[0;32m  OK  [0m] Listening on udev Control Socket.
[    8.902039] systemd[1]: Reached target System Time Synchronized.
[[0;32m  OK  [0m] Reached target System Time Synchronized.
[    8.904057] systemd[1]: Reached target Swap.
[[0;32m  OK  [0m] Reached target Swap.
[    8.905947] systemd[1]: Created slice system-serial\x2dgetty.slice.
[[0;32m  OK  [0m] Created slice system-serial\x2dgetty.slice.
[    8.908052] systemd[1]: Listening on LVM2 poll daemon socket.
[[0;32m  OK  [0m] Listening on LVM2 poll daemon socket.
[    8.910125] systemd[1]: Started Forward Password Requests to Wall Directory Watch.
[[0;32m  OK  [0m] Started Forward Password Requests to Wall Directory Watch.
[    8.912783] systemd[1]: Listening on Journal Socket (/dev/log).
[[0;32m  OK  [0m] Listening on Journal Socket (/dev/log).
[    8.914985] systemd[1]: Created slice User and Session Slice.
[[0;32m  OK  [0m] Created slice User and Session Slice.
[    8.917090] systemd[1]: Started Trigger resolvconf update for networkd DNS.
[[0;32m  OK  [0m] Started Trigger resolvconf update for networkd DNS.
[    9.164224] systemd[1]: Reached target Slices.
[[0;32m  OK  [0m] Reached target Slices.
[    9.173502] systemd[1]: Created slice system-postgresql.slice.
[[0;32m  OK  [0m] Created slice system-postgresql.slice.
[    9.180401] systemd[1]: Listening on udev Kernel Socket.
[[0;32m  OK  [0m] Listening on udev Kernel Socket.
[   10.164183] systemd[1]: Listening on Journal Socket.
[[0;32m  OK  [0m] Listening on Journal Socket.
[   10.946126] systemd[1]: Starting Nameserver information manager...
         Starting Nameserver information manager...
[   10.957325] systemd[1]: Mounting Debug File System...
         Mounting Debug File System...
[   10.963774] systemd[1]: Starting Create list of required static device nodes for the current kernel...
         Starting Create list of required st... nodes for the current kernel...
[   10.970731] systemd[1]: Mounting POSIX Message Queue File System...
         Mounting POSIX Message Queue File System...
[   10.975505] systemd[1]: Mounting Huge Pages File System...
         Mounting Huge Pages File System...
[   10.991838] systemd[1]: Starting Load Kernel Modules...
         Starting Load Kernel Modules...
[   10.994268] systemd[1]: Starting Set console keymap...
         Starting Set console keymap...
[   10.996130] systemd[1]: Listening on Device-mapper event daemon FIFOs.
[[0;32m  OK  [0m] Listening on Device-mapper event daemon FIFOs.
[   11.026059] systemd[1]: Starting Monitoring of LVM2 mirrors, snapshots etc. using dmeventd or progress polling...
         Starting Monitoring of LVM2 mirrors... dmeventd or progress polling...
[   11.029384] systemd[1]: Set up automount Arbitrary Executable File Formats File System Automount Point.
[[0;32m  OK  [0m] Set up automount Arbitrary Executab...ats File System Automount Point.
[   11.049509] systemd[1]: Starting Uncomplicated firewall...
         Starting Uncomplicated firewall...
[   11.051506] systemd[1]: Reached target User and Group Name Lookups.
[[0;32m  OK  [0m] Reached target User and Group Name Lookups.
[   11.053580] systemd[1]: Listening on Syslog Socket.
[[0;32m  OK  [0m] Listening on Syslog Socket.
[   11.079201] systemd[1]: Starting Journal Service...
         Starting Journal Service...
[   11.086636] systemd[1]: Starting Remount Root and Kernel File Systems...
         Starting Remount Root and Kernel File Systems...
[   11.092994] systemd[1]: Started Create list of required static device nodes for the current kernel.
[[0;32m  OK  [0m] Started Create list of required sta...ce nodes for the current kernel.
[   11.096722] systemd[1]: Started Uncomplicated firewall.
[[0;32m  OK  [0m] Started Uncomplicated firewall.
[   11.118494] systemd[1]: Starting Create Static Device Nodes in /dev...
         Starting Create Static Device Nodes in /dev...
[   11.144079] EXT4-fs (sda1): re-mounted. Opts: (null)
[   11.144126] systemd[1]: Mounted Huge Pages File System.
[[0;32m  OK  [0m] Mounted Huge Pages File System.
[   11.147587] systemd[1]: Mounted POSIX Message Queue File System.
[[0;32m  OK  [0m] Mounted POSIX Message Queue File System.
[   11.150078] systemd[1]: Mounted Debug File System.
[[0;32m  OK  [0m] Mounted Debug File System.
[   11.171537] systemd[1]: Started Remount Root and Kernel File Systems.
[[0;32m  OK  [0m] Started Remount Root and Kernel File Systems.
[   11.174716] systemd[1]: Starting Load/Save Random Seed...
[   11.176087] Loading iSCSI transport class v2.0-870.
         Starting Load/Save Random Seed...
[   11.222167] systemd[1]: Starting udev Coldplug all Devices...
         Starting udev Coldplug all Devices...
[   11.227956] systemd[1]: Started Nameserver information manager.
[[0;32m  OK  [0m] Started Nameserver information manager.
[   11.281877] iscsi: registered transport (tcp)
[   11.368241] systemd[1]: Started Journal Service.
[[0;32m  OK  [0m] Started Journal Service.
         Starting Flush Journal to Persistent Storage...
[[0;32m  OK  [0m] Started Load/Save Random Seed.
[[0;32m  OK  [0m] Started udev Coldplug all Devices.
[   11.448581] systemd-journald[399]: Received request to flush runtime journal from PID 1
[[0;32m  OK  [0m] Started Flush Journal to Persistent Storage.
[[0;32m  OK  [0m] Started Set console keymap.
[   11.515028] iscsi: registered transport (iser)
[[0;32m  OK  [0m] Started LVM2 metadata daemon.
[[0;32m  OK  [0m] Started Load Kernel Modules.
[[0;32m  OK  [0m] Started Create Static Device Nodes in /dev.
         Starting udev Kernel Device Manager...
         Mounting FUSE Control File System...
         Starting Apply Kernel Variables...
[[0;32m  OK  [0m] Mounted FUSE Control File System.
[[0;32m  OK  [0m] Started Apply Kernel Variables.
[[0;32m  OK  [0m] Started Monitoring of LVM2 mirrors,...ng dmeventd or progress polling.
[[0;32m  OK  [0m] Reached target Local File Systems (Pre).
[[0;32m  OK  [0m] Reached target Local File Systems.
         Starting Initial cloud-init job (pre-networking)...
         Starting LSB: AppArmor initialization...
         Starting Tell Plymouth To Write Out Runtime Data...
         Starting Set console font and keymap...
         Starting Create Volatile Files and Directories...
         Mounting /home/vagrant/workspace...
         Mounting /vagrant...
[[0;32m  OK  [0m] Started udev Kernel Device Manager.
[[0;32m  OK  [0m] Started Tell Plymouth To Write Out Runtime Data.
[[0;1;31mFAILED[0m] Failed to mount /home/vagrant/workspace.
See 'systemctl status home-vagrant-workspace.mount' for details.
[[0;1;31mFAILED[0m] Failed to mount /vagrant.
See 'systemctl status vagrant.mount' for details.
[[0;32m  OK  [0m] Started Dispatch Password Requests to Console Directory Watch.
[[0;32m  OK  [0m] Found device /dev/ttyS0.
[[0;32m  OK  [0m] Listening on Load/Save RF Kill Switch Status /dev/rfkill Watch.
[[0;32m  OK  [0m] Found device 82540EM Gigabit Ethern...r (PRO/1000 MT Desktop Adapter).
[[0;32m  OK  [0m] Started Create Volatile Files and Directories.
         Starting Update UTMP about System Boot/Shutdown...
[[0;32m  OK  [0m] Started Update UTMP about System Boot/Shutdown.
[[0;32m  OK  [0m] Started Set console font and keymap.
[[0;32m  OK  [0m] Created slice system-getty.slice.
[[0;32m  OK  [0m] Started LSB: AppArmor initialization.
         Starting Load AppArmor profiles managed internally by snapd...
[[0;32m  OK  [0m] Started Load AppArmor profiles managed internally by snapd.
[   18.042511] cloud-init[475]: Cloud-init v. 20.3-2-g371b392c-0ubuntu1~16.04.1 running 'init-local' at Thu, 29 Oct 2020 03:12:04 +0000. Up 16.77 seconds.
[[0;32m  OK  [0m] Started Initial cloud-init job (pre-networking).
[[0;32m  OK  [0m] Reached target Network (Pre).
         Starting Raise network interfaces...
[[0;32m  OK  [0m] Started ifup for enp0s3.
[[0;32m  OK  [0m] Started Raise network interfaces.
         Starting Initial cloud-init job (metadata service crawler)...
[[0;32m  OK  [0m] Reached target Network.
[   19.421778] cloud-init[993]: Cloud-init v. 20.3-2-g371b392c-0ubuntu1~16.04.1 running 'init' at Thu, 29 Oct 2020 03:12:06 +0000. Up 18.80 seconds.
[   19.423780] cloud-init[993]: ci-info: ++++++++++++++++++++++++++++++++++++++Net device info++++++++++++++++++++++++++++++++++++++
[   19.425517] cloud-init[993]: ci-info: +--------+------+----------------------------+---------------+--------+-------------------+
[   19.426936] cloud-init[993]: ci-info: | Device |  Up  |          Address           |      Mask     | Scope  |     Hw-Address    |
[   19.429666] cloud-init[993]: ci-info: +--------+------+----------------------------+---------------+--------+-------------------+
[   19.432135] cloud-init[993]: ci-info: | enp0s3 | True |         10.0.2.15          | 255.255.255.0 | global | 02:83:3c:85:18:ff |
[   19.433907] cloud-init[993]: ci-info: | enp0s3 | True | fe80::83:3cff:fe85:18ff/64 |       .       |  link  | 02:83:3c:85:18:ff |
[   19.440488] cloud-init[993]: ci-info: |   lo   | True |         127.0.0.1          |   255.0.0.0   |  host  |         .         |
[   19.441707] cloud-init[993]: ci-info: |   lo   | True |          ::1/128           |       .       |  host  |         .         |
[   19.449197] cloud-init[993]: ci-info: +--------+------+----------------------------+---------------+--------+-------------------+
[   19.450723] cloud-init[993]: ci-info: +++++++++++++++++++++++++++Route IPv4 info++++++++++++++++++++++++++++
[   19.457170] cloud-init[993]: ci-info: +-------+-------------+----------+---------------+-----------+-------+
[   19.458496] cloud-init[993]: ci-info: | Route | Destination | Gateway  |    Genmask    | Interface | Flags |
[   19.459774] cloud-init[993]: ci-info: +-------+-------------+----------+---------------+-----------+-------+
[   19.461400] cloud-init[993]: ci-info: |   0   |   0.0.0.0   | 10.0.2.2 |    0.0.0.0    |   enp0s3  |   UG  |
[   19.468719] cloud-init[993]: ci-info: |   1   |   10.0.2.0  | 0.0.0.0  | 255.255.255.0 |   enp0s3  |   U   |
[   19.476599] cloud-init[993]: ci-info: +-------+-------------+----------+---------------+-----------+-------+
[   19.484546] cloud-init[993]: ci-info: +++++++++++++++++++Route IPv6 info+++++++++++++++++++
[   19.485593] cloud-init[993]: ci-info: +-------+-------------+---------+-----------+-------+
[   19.486560] cloud-init[993]: ci-info: | Route | Destination | Gateway | Interface | Flags |
[   19.496465] cloud-init[993]: ci-info: +-------+-------------+---------+-----------+-------+
[[0;32m  OK  [0m] Started Initial cloud-init job (metadata service crawler).
[   19.496671] cloud-init[993]: ci-info: |   0   |  fe80::/64  |    ::   |   enp0s3  |   U   |
[   19.506092] cloud-init[993]: ci-info: |   3   |   ff00::/8  |    ::   |   enp0s3  |   U   |
[   19.506257] cloud-init[993]: ci-info: +-------+-------------+---------+-----------+-------+
[[0;32m  OK  [0m] Reached target Network is Online.
         Starting iSCSI initiator daemon (iscsid)...
[[0;32m  OK  [0m] Reached target System Initialization.
         Starting Socket activation for snappy daemon.
[[0;32m  OK  [0m] Started Message of the Day.
[[0;32m  OK  [0m] Listening on ACPID Listen Socket.
[[0;32m  OK  [0m] Listening on D-Bus System Message Bus Socket.
[[0;32m  OK  [0m] Started ACPI Events Check.
[[0;32m  OK  [0m] Reached target Paths.
[[0;32m  OK  [0m] Listening on UUID daemon activation socket.
         Starting LXD - unix socket.
[[0;32m  OK  [0m] Started Daily apt download activities.
[[0;32m  OK  [0m] Started Daily apt upgrade and clean activities.
[[0;32m  OK  [0m] Started Daily Cleanup of Temporary Directories.
[[0;32m  OK  [0m] Reached target Timers.
[[0;32m  OK  [0m] Reached target Cloud-config availability.
[[0;32m  OK  [0m] Listening on Socket activation for snappy daemon.
[[0;32m  OK  [0m] Listening on LXD - unix socket.
[[0;32m  OK  [0m] Reached target Sockets.
[[0;32m  OK  [0m] Reached target Basic System.
[[0;32m  OK  [0m] Started FUSE filesystem for LXC.
[[0;32m  OK  [0m] Started ACPI event daemon.
         Starting Login Service...
         Starting PostgreSQL Cluster 9.5-main...
         Starting LSB: MD monitoring daemon...
         Starting /etc/rc.local Compatibility...
[[0;32m  OK  [0m] Started Regular background program processing daemon.
[[0;32m  OK  [0m] Started D-Bus System Message Bus.
         Starting OpenBSD Secure Shell server...
         Starting LSB: Record successful boot for GRUB...
         Starting Virtualbox guest utils...
         Starting LXD - container startup/shutdown...
         Starting Snap Daemon...
         Starting System Logging Service...
[[0;32m  OK  [0m] Started Deferred execution scheduler.
         Starting Accounts Service...
[[0;32m  OK  [0m] Started iSCSI initiator daemon (iscsid).
[[0;32m  OK  [0m] Started /etc/rc.local Compatibility.
         Starting Login to default iSCSI targets...
[[0;32m  OK  [0m] Started Login Service.
[[0;32m  OK  [0m] Started Unattended Upgrades Shutdown.
[[0;32m  OK  [0m] Started Login to default iSCSI targets.
[[0;32m  OK  [0m] Reached target Remote File Systems (Pre).
[[0;32m  OK  [0m] Reached target Remote File Systems.
         Starting LSB: automatic crash report generation...
         Starting LSB: Set the CPU Frequency Scaling governor to "ondemand"...
         Starting LSB: daemon to balance interrupts for SMP systems...
         Starting Permit User Sessions...
         Starting LSB: Start/stop sysstat's sadc...
[[0;32m  OK  [0m] Started LSB: Set the CPU Frequency Scaling governor to "ondemand".
[[0;32m  OK  [0m] Started Permit User Sessions.
         Starting Terminate Plymouth Boot Screen...
         Starting Hold until boot process finishes up...
[[0;32m  OK  [0m] Started LSB: daemon to balance interrupts for SMP systems.
[[0;32m  OK  [0m] Started Terminate Plymouth Boot Screen.
[[0;32m  OK  [0m] Started Hold until boot process finishes up.
[[0;32m  OK  [0m] Started LSB: MD monitoring daemon.
         Starting Set console scheme...
[[0;32m  OK  [0m] Started Serial Getty on ttyS0.
[[0;32m  OK  [0m] Started Getty on tty1.
[[0;32m  OK  [0m] Reached target Login Prompts.
[[0;32m  OK  [0m] Started System Logging Service.
[[0;32m  OK  [0m] Started Set console scheme.
[[0;32m  OK  [0m] Started OpenBSD Secure Shell server.
[[0;32m  OK  [0m] Started LSB: Start/stop sysstat's sadc.
[[0;32m  OK  [0m] Started LSB: Record successful boot for GRUB.
[[0;32m  OK  [0m] Started LSB: automatic crash report generation.
[[0;32m  OK  [0m] Started Virtualbox guest utils.
         Starting Authenticate and Authorize Users to Run Privileged Tasks...
[[0;32m  OK  [0m] Started Authenticate and Authorize Users to Run Privileged Tasks.
[[0;32m  OK  [0m] Started Accounts Service.
[[0;32m  OK  [0m] Started LXD - container startup/shutdown.
[[0;32m  OK  [0m] Started Snap Daemon.
         Starting Wait until snapd is fully seeded...
[[0;32m  OK  [0m] Started Wait until snapd is fully seeded.
         Starting Apply the settings specified in cloud-config...
[   24.833060] cloud-init[1258]: Cloud-init v. 20.3-2-g371b392c-0ubuntu1~16.04.1 running 'modules:config' at Thu, 29 Oct 2020 03:12:12 +0000. Up 24.46 seconds.
[[0;32m  OK  [0m] Started Apply the settings specified in cloud-config.
[[0;32m  OK  [0m] Created slice User Slice of vagrant.
         Starting User Manager for UID 1000...
[[0;32m  OK  [0m] Started Session 1 of user vagrant.
[[0;32m  OK  [0m] Started User Manager for UID 1000.

Ubuntu 16.04.7 LTS ubuntu-xenial ttyS0

ubuntu-xenial login: [   27.448118] cloud-init[1369]: Cloud-init v. 20.3-2-g371b392c-0ubuntu1~16.04.1 running 'modules:final' at Thu, 29 Oct 2020 03:12:15 +0000. Up 27.24 seconds.
[   27.449028] cloud-init[1369]: Cloud-init v. 20.3-2-g371b392c-0ubuntu1~16.04.1 finished at Thu, 29 Oct 2020 03:12:15 +0000. Datasource DataSourceNoCloud [seed=/dev/sdb][dsmode=net].  Up 27.43 seconds
